// Jest Snapshot v1, https://goo.gl/fbAQLP

exports[`VotingStatusFilter.tsx component match to snapshot all active proposals 1`] = `
<div>
  <p
    class="chakra-text css-0"
  >
    Status
  </p>
  <button
    class="chakra-button css-19xffvm"
    type="button"
  >
    All 
    <p
      class="chakra-text css-14gt3bc"
    >
      3
    </p>
  </button>
  <button
    class="chakra-button css-19xffvm"
    type="button"
  >
    Active 
    <p
      class="chakra-text css-14gt3bc"
    >
      1
    </p>
  </button>
  <button
    class="chakra-button css-19xffvm"
    type="button"
  >
    Pending
     
    <p
      class="chakra-text css-14gt3bc"
    >
      0
    </p>
  </button>
  <button
    class="chakra-button css-19xffvm"
    type="button"
  >
    Closed 
    <p
      class="chakra-text css-14gt3bc"
    >
      2
    </p>
  </button>
</div>
`;

exports[`VotingStatusFilter.tsx component match to snapshot all closed proposals 1`] = `
<div>
  <p
    class="chakra-text css-0"
  >
    Status
  </p>
  <button
    class="chakra-button css-19xffvm"
    type="button"
  >
    All 
    <p
      class="chakra-text css-14gt3bc"
    >
      3
    </p>
  </button>
  <button
    class="chakra-button css-19xffvm"
    type="button"
  >
    Active 
    <p
      class="chakra-text css-14gt3bc"
    >
      1
    </p>
  </button>
  <button
    class="chakra-button css-19xffvm"
    type="button"
  >
    Pending
     
    <p
      class="chakra-text css-14gt3bc"
    >
      0
    </p>
  </button>
  <button
    class="chakra-button css-19xffvm"
    type="button"
  >
    Closed 
    <p
      class="chakra-text css-14gt3bc"
    >
      2
    </p>
  </button>
</div>
`;
